Last login: Fri Feb  4 17:46:44 on ttys000
(base) KeiminnoMacBook-ea:~ keimin$ cd desktop 
}(base) KeiminnoMacBook-ea:desktop keimin$ rm *.txt 
(base) KeiminnoMacBook-ea:desktop keimin$ echo "Hello world" 
Hello world
(base) KeiminnoMacBook-ea:desktop keimin$ echo "Hello world 
> 
> q
> quit
> 
(base) KeiminnoMacBook-ea:desktop keimin$ echo "Hello world">text1.txt
(base) KeiminnoMacBook-ea:desktop keimin$ echo "Hello world">text2.txt 
(base) KeiminnoMacBook-ea:desktop keimin$ echo "We are from the moon">>text2.txt
(base) KeiminnoMacBook-ea:desktop keimin$ cat text2.txt | less 
(base) KeiminnoMacBook-ea:desktop keimin$ cd lerning_git 
-bash: cd: lerning_git: No such file or directory
(base) KeiminnoMacBook-ea:desktop keimin$ cd learning_git
(base) KeiminnoMacBook-ea:learning_git keimin$ echo "Vaundy,Kinggnu,Aimer,Eve">>favorite_singers.txt
(base) KeiminnoMacBook-ea:learning_git keimin$ git status
On branch master

No commits yet

Untracked files:
  (use "git add <file>..." to include in what will be committed)

	.DS_Store
	favorite_singers.txt

nothing added to commit but untracked files present (use "git add" to track)
(base) KeiminnoMacBook-ea:learning_git keimin$ git add favorite_singers
fatal: pathspec 'favorite_singers' did not match any files
(base) KeiminnoMacBook-ea:learning_git keimin$ git add favorite_singers.txt
(base) KeiminnoMacBook-ea:learning_git keimin$  git status 
On branch master

No commits yet

Changes to be committed:
  (use "git rm --cached <file>..." to unstage)

	new file:   favorite_singers.txt

Untracked files:
  (use "git add <file>..." to include in what will be committed)

	.DS_Store

(base) KeiminnoMacBook-ea:learning_git keimin$ git add .
(base) KeiminnoMacBook-ea:learning_git keimin$ echo "YOASOBI">>favorite_singers.txt
(base) KeiminnoMacBook-ea:learning_git keimin$ git commit -m"created favorite singers file and list"
[master (root-commit) 792237b] created favorite singers file and list
 Committer: Keimin <keimin@KeiminnoMacBook-ea.local>
Your name and email address were configured automatically based
on your username and hostname. Please check that they are accurate.
You can suppress this message by setting them explicitly:

    git config --global user.name "Your Name"
    git config --global user.email you@example.com

After doing this, you may fix the identity used for this commit with:

    git commit --amend --reset-author

 2 files changed, 1 insertion(+)
 create mode 100644 .DS_Store
 create mode 100644 favorite_singers.txt
(base) KeiminnoMacBook-ea:learning_git keimin$ git remote add origin https://github.com/Keimin-1030/learning_git.git
(base) KeiminnoMacBook-ea:learning_git keimin$ git branch -M main
(base) KeiminnoMacBook-ea:learning_git keimin$ git push -u origin main
Username for 'https://github.com': 
